[INFO] Scanning for projects...
[INFO] 
[INFO] -------------------< com.Logistics:LogisticsBackend >-------------------
[INFO] Building LogisticsBackend 0.0.1-SNAPSHOT
[INFO]   from pom.xml
[INFO] --------------------------------[ jar ]---------------------------------
[INFO] 
[INFO] --- resources:3.3.1:resources (default-resources) @ LogisticsBackend ---
[INFO] Copying 1 resource from src\main\resources to target\classes
[INFO] Copying 0 resource from src\main\resources to target\classes
[INFO] 
[INFO] --- compiler:3.14.0:compile (default-compile) @ LogisticsBackend ---
[INFO] Recompiling the module because of changed source code.
[INFO] Compiling 19 source files with javac [debug deprecation parameters release 21] to target\classes
[WARNING] /D:/JAVA/Logistics/LogisticsBackend/LogisticsBackend/src/main/java/com/Logistics/LogisticsBackend/config/WebSecurityConfig.java:[37,50] DaoAuthenticationProvider() in org.springframework.security.authentication.dao.DaoAuthenticationProvider has been deprecated
[WARNING] /D:/JAVA/Logistics/LogisticsBackend/LogisticsBackend/src/main/java/com/Logistics/LogisticsBackend/config/WebSecurityConfig.java:[38,21] setUserDetailsService(org.springframework.security.core.userdetails.UserDetailsService) in org.springframework.security.authentication.dao.DaoAuthenticationProvider has been deprecated
[INFO] 
[INFO] --- resources:3.3.1:testResources (default-testResources) @ LogisticsBackend ---
[INFO] skip non existing resourceDirectory D:\JAVA\Logistics\LogisticsBackend\LogisticsBackend\src\test\resources
[INFO] 
[INFO] --- compiler:3.14.0:testCompile (default-testCompile) @ LogisticsBackend ---
[INFO] Recompiling the module because of changed dependency.
[INFO] Compiling 1 source file with javac [debug deprecation parameters release 21] to target\test-classes
[INFO] 
[INFO] --- surefire:3.5.3:test (default-test) @ LogisticsBackend ---
[INFO] Using auto detected provider org.apache.maven.surefire.junitplatform.JUnitPlatformProvider
[INFO] 
[INFO] -------------------------------------------------------
[INFO]  T E S T S
[INFO] -------------------------------------------------------
[INFO] Running com.Logistics.LogisticsBackend.LogisticsBackendApplicationTests
19:59:17.285 [main] INFO org.springframework.test.context.support.AnnotationConfigContextLoaderUtils -- Could not detect default configuration classes for test class [com.Logistics.LogisticsBackend.LogisticsBackendApplicationTests]: LogisticsBackendApplicationTests does not declare any static, non-private, non-final, nested classes annotated with @Configuration.
19:59:17.586 [main] INFO org.springframework.boot.test.context.SpringBootTestContextBootstrapper -- Found @SpringBootConfiguration com.Logistics.LogisticsBackend.LogisticsBackendApplication for test class com.Logistics.LogisticsBackend.LogisticsBackendApplicationTests

  .   ____          _            __ _ _
 /\\ / ___'_ __ _ _(_)_ __  __ _ \ \ \ \
( ( )\___ | '_ | '_| | '_ \/ _` | \ \ \ \
 \\/  ___)| |_)| | | | | || (_| |  ) ) ) )
  '  |____| .__|_| |_|_| |_\__, | / / / /
 =========|_|==============|___/=/_/_/_/

 :: Spring Boot ::                (v3.5.0)

2025-10-15T19:59:18.899+08:00  INFO 3944 --- [LogisticsBackend] [           main] c.L.L.LogisticsBackendApplicationTests   : Starting LogisticsBackendApplicationTests using Java 21.0.7 with PID 3944 (started by Robinson in D:\JAVA\Logistics\LogisticsBackend\LogisticsBackend)
2025-10-15T19:59:18.903+08:00  INFO 3944 --- [LogisticsBackend] [           main] c.L.L.LogisticsBackendApplicationTests   : No active profile set, falling back to 1 default profile: "default"
2025-10-15T19:59:22.788+08:00  INFO 3944 --- [LogisticsBackend] [           main] .s.d.r.c.RepositoryConfigurationDelegate : Bootstrapping Spring Data JPA repositories in DEFAULT mode.
2025-10-15T19:59:23.109+08:00  INFO 3944 --- [LogisticsBackend] [           main] .s.d.r.c.RepositoryConfigurationDelegate : Finished Spring Data repository scanning in 286 ms. Found 2 JPA repository interfaces.
2025-10-15T19:59:24.993+08:00  INFO 3944 --- [LogisticsBackend] [           main] o.hibernate.jpa.internal.util.LogHelper  : HHH000204: Processing PersistenceUnitInfo [name: default]
2025-10-15T19:59:25.195+08:00  INFO 3944 --- [LogisticsBackend] [           main] org.hibernate.Version                    : HHH000412: Hibernate ORM core version 6.6.15.Final
2025-10-15T19:59:25.339+08:00  INFO 3944 --- [LogisticsBackend] [           main] o.h.c.internal.RegionFactoryInitiator    : HHH000026: Second-level cache disabled
2025-10-15T19:59:26.241+08:00  INFO 3944 --- [LogisticsBackend] [           main] o.s.o.j.p.SpringPersistenceUnitInfo      : No LoadTimeWeaver setup: ignoring JPA class transformer
2025-10-15T19:59:26.337+08:00  INFO 3944 --- [LogisticsBackend] [           main] com.zaxxer.hikari.HikariDataSource       : HikariPool-1 - Starting...
2025-10-15T19:59:26.962+08:00  INFO 3944 --- [LogisticsBackend] [           main] com.zaxxer.hikari.pool.HikariPool        : HikariPool-1 - Added connection org.postgresql.jdbc.PgConnection@c82ad22
2025-10-15T19:59:26.965+08:00  INFO 3944 --- [LogisticsBackend] [           main] com.zaxxer.hikari.HikariDataSource       : HikariPool-1 - Start completed.
2025-10-15T19:59:27.151+08:00  INFO 3944 --- [LogisticsBackend] [           main] org.hibernate.orm.connections.pooling    : HHH10001005: Database info:
	Database JDBC URL [Connecting through datasource 'HikariDataSource (HikariPool-1)']
	Database driver: undefined/unknown
	Database version: 18.0
	Autocommit mode: undefined/unknown
	Isolation level: undefined/unknown
	Minimum pool size: undefined/unknown
	Maximum pool size: undefined/unknown
2025-10-15T19:59:29.201+08:00  INFO 3944 --- [LogisticsBackend] [           main] o.h.e.t.j.p.i.JtaPlatformInitiator       : HHH000489: No JTA platform available (set 'hibernate.transaction.jta.platform' to enable JTA platform integration)
2025-10-15T19:59:29.430+08:00  INFO 3944 --- [LogisticsBackend] [           main] j.LocalContainerEntityManagerFactoryBean : Initialized JPA EntityManagerFactory for persistence unit 'default'
2025-10-15T19:59:30.504+08:00  INFO 3944 --- [LogisticsBackend] [           main] eAuthenticationProviderManagerConfigurer : Global AuthenticationManager configured with AuthenticationProvider bean with name authenticationProvider
2025-10-15T19:59:30.505+08:00  WARN 3944 --- [LogisticsBackend] [           main] r$InitializeUserDetailsManagerConfigurer : Global AuthenticationManager configured with an AuthenticationProvider bean. UserDetailsService beans will not be used by Spring Security for automatically configuring username/password login. Consider removing the AuthenticationProvider bean. Alternatively, consider using the UserDetailsService in a manually instantiated DaoAuthenticationProvider. If the current configuration is intentional, to turn off this warning, increase the logging level of 'org.springframework.security.config.annotation.authentication.configuration.InitializeUserDetailsBeanManagerConfigurer' to ERROR
2025-10-15T19:59:30.872+08:00  WARN 3944 --- [LogisticsBackend] [           main] JpaBaseConfiguration$JpaWebConfiguration : spring.jpa.open-in-view is enabled by default. Therefore, database queries may be performed during view rendering. Explicitly configure spring.jpa.open-in-view to disable this warning
2025-10-15T19:59:32.267+08:00  INFO 3944 --- [LogisticsBackend] [           main] o.s.b.a.e.web.EndpointLinksResolver      : Exposing 1 endpoint beneath base path '/actuator'
2025-10-15T19:59:33.587+08:00  INFO 3944 --- [LogisticsBackend] [           main] c.L.L.LogisticsBackendApplicationTests   : Started LogisticsBackendApplicationTests in 15.405 seconds (process running for 18.31)
Mockito is currently self-attaching to enable the inline-mock-maker. This will no longer work in future releases of the JDK. Please add Mockito as an agent to your build as described in Mockito's documentation: https://javadoc.io/doc/org.mockito/mockito-core/latest/org.mockito/org/mockito/Mockito.html#0.3
WARNING: A Java agent has been loaded dynamically (C:\Users\Robinson\.m2\repository\net\bytebuddy\byte-buddy-agent\1.17.5\byte-buddy-agent-1.17.5.jar)
WARNING: If a serviceability tool is in use, please run with -XX:+EnableDynamicAgentLoading to hide this warning
WARNING: If a serviceability tool is not in use, please run with -Djdk.instrument.traceUsage for more information
WARNING: Dynamic loading of agents will be disallowed by default in a future release
Java HotSpot(TM) 64-Bit Server VM warning: Sharing is only supported for boot loader classes because bootstrap classpath has been appended
[INFO] Tests run: 1, Failures: 0, Errors: 0, Skipped: 0, Time elapsed: 17.90 s -- in com.Logistics.LogisticsBackend.LogisticsBackendApplicationTests
[INFO] 
[INFO] Results:
[INFO] 
[INFO] Tests run: 1, Failures: 0, Errors: 0, Skipped: 0
[INFO] 
[INFO] ------------------------------------------------------------------------
[INFO] BUILD SUCCESS
[INFO] ------------------------------------------------------------------------
[INFO] Total time:  33.406 s
[INFO] Finished at: 2025-10-15T19:59:35+08:00
[INFO] ------------------------------------------------------------------------
